// Jest Snapshot v1, https://jestjs.io/docs/snapshot-testing

exports[`AccessibleButton matches snapshot 1`] = `
<View
  accessibilityHint="Double tap to activate"
  accessibilityLabel="Snapshot Test"
  accessibilityRole="button"
  accessibilityState={
    {
      "busy": undefined,
      "checked": undefined,
      "disabled": false,
      "expanded": undefined,
      "selected": undefined,
    }
  }
  accessibilityValue={
    {
      "max": undefined,
      "min": undefined,
      "now": undefined,
      "text": undefined,
    }
  }
  accessible={true}
  collapsable={false}
  focusable={true}
  onBlur={[Function]}
  onClick={[Function]}
  onFocus={[Function]}
  onResponderGrant={[Function]}
  onResponderMove={[Function]}
  onResponderRelease={[Function]}
  onResponderTerminate={[Function]}
  onResponderTerminationRequest={[Function]}
  onStartShouldSetResponder={[Function]}
  style={
    [
      {
        "alignItems": "center",
        "borderRadius": 8,
        "justifyContent": "center",
        "minHeight": 44,
        "paddingHorizontal": 24,
        "paddingVertical": 12,
      },
      {
        "backgroundColor": "#4A80F0",
      },
      false,
      false,
      undefined,
    ]
  }
>
  <Text
    style={
      [
        {
          "color": "#FFFFFF",
          "fontSize": 16,
          "fontWeight": "600",
        },
        false,
        undefined,
      ]
    }
  >
    Snapshot Test
  </Text>
</View>
`;
